../Core/Src/main.c:185:5:main	8	static
../Core/Src/main.c:249:6:SystemClock_Config	88	static
../Core/Src/main.c:293:6:timer_callback	104	static
../Core/Src/main.c:357:6:service_callback	32	static
../Core/Src/main.c:386:6:status_callback	24	static
../Core/Src/main.c:406:16:readImuCalibrated	24	static
../Core/Src/main.c:429:16:readImuNonCalibrated	24	static
../Core/Src/main.c:452:6:rpfromAccel	32	static
../Core/Src/main.c:459:6:rpfromGyro	16	static
../Core/Src/main.c:466:8:mapd	56	static
../Core/Src/main.c:471:6:StartDefaultTask	376	static
../Core/Src/main.c:601:6:HAL_TIM_PeriodElapsedCallback	16	static
../Core/Src/main.c:618:6:Error_Handler	4	static,ignoring_inline_asm
