../Core/Src/main.c:195:5:main	8	static
../Core/Src/main.c:259:6:SystemClock_Config	88	static
../Core/Src/main.c:303:6:timer_callback	104	static
../Core/Src/main.c:381:6:service_callback	32	static
../Core/Src/main.c:410:6:status_callback	24	static
../Core/Src/main.c:430:16:readImuCalibrated	24	static
../Core/Src/main.c:453:16:readImuNonCalibrated	24	static
../Core/Src/main.c:476:6:rpfromAccel	32	static
../Core/Src/main.c:483:6:rpfromGyro	16	static
../Core/Src/main.c:490:8:mapd	56	static
../Core/Src/main.c:494:8:LimitRange	32	static
../Core/Src/main.c:501:6:StartDefaultTask	376	static
../Core/Src/main.c:642:6:HAL_TIM_PeriodElapsedCallback	16	static
../Core/Src/main.c:659:6:Error_Handler	4	static,ignoring_inline_asm
